stickmanjc: pm jaga owe ppl1 100
stickmanjc: pm jaga owe ppl1 100
stickmanjc: pm jaga owe ppl1 100
stickmanjc: pm jaga owe ppl1 100
stickmanjc: pm ppl1 owe jaga 100
stickmanjc: pm ppl1 owe jaga 100
stickmanjc: pm ppl1 owe ppl2 100
stickmanjc: pm jaga,ppl1 owe ppl2 100
stickmanjc: pm jaga,ppl1 owe ppl2 100
stickmanjc: pm ppl1,ppl2 owe jaga 100
stickmanjc: pm ppl1,ppl2 owe ppl3 100
stickmanjc: ppl1,ppl2 owe ppl3 100.0
stickmanjc: ppl1,ppl2 owe ppl3 100.0
stickmanjc: ??? owe ??? 0 
stickmanjc: ??? owe ??? 0 
stickmanjc: ??? owe ??? 0 
stickmanjc: ppl2 owe ppl1 0.025 
stickmanjc: ppl1,ppl2,ppl3,ppl4 owe jaga 100.0 

----------backup: [Wed Dec 27 19:15:47 2023]----------
stickmanjc: jaga owe ppl1 100.0 (testing)

----------backup: [Wed Dec 27 19:16:59 2023]----------
stickmanjc: ppl2,ppl3,ppl4 owe ppl1 100.0 
stickmanjc: jaga owe ppl1 500.0 (testing)
stickmanjc: ppl1 owe jaga 1000.0 
stickmanjc: ppl1 owe jaga 200.0 (testing)
stickmanjc: jaga owe ppl2 200.0 (testing)
stickmanjc: ppl3 owe jaga 100.0 
stickmanjc: ppl1 owe jaga 100.0 
stickmanjc: ppl1 owe jaga 100.0
stickmanjc: Jaga owe p1 150.0
stickmanjc: Jaga owe p1 150.0 (中文)
stickmanjc: Jaga owe p4 100.0 (我不知道)
stickmanjc: p3 owe ??? 100.0 (測試)
stickmanjc: p3 owe Jaga 100.0 
stickmanjc: p2 owe Jaga 0.0 
stickmanjc: p1,p2,p3 owe Jaga 1.0
stickmanjc: p1 owe p2 100.0
stickmanjc: p2 owe p3 100.0 
stickmanjc: p4 owe PPL 100.0 
stickmanjc: undo
stickmanjc: p1,p2 owe p3 100.0 
stickmanjc: p1,p2 owe p3 100.0 
stickmanjc: p1,p2 owe p3 100.0 
stickmanjc: undo
stickmanjc: p1,p2 owe p4 100.0 
stickmanjc: p2,p1 owe p3 100.0 
stickmanjc: undo
stickmanjc: p1,p2 owe p3 100.0 
stickmanjc: undo
stickmanjc: p1,p2 owe p3 100.0 
stickmanjc: undo
stickmanjc: p1 owe PPL 50.0 
stickmanjc: undo
stickmanjc: p1 pay back PPL 50.0 
stickmanjc: undo
stickmanjc: p1,p2,p3 owe PPL 10.0 
stickmanjc: undo
stickmanjc: p1,p2,p3 pay back PPL 10.0 
stickmanjc: undo
stickmanjc: p1,p4,PPL owe p2 10.0 
stickmanjc: undo
stickmanjc: p4 owe PPL 100.0 
stickmanjc: undo
stickmanjc: p4 owe PPL 100.0 
stickmanjc: undo
stickmanjc: p1,p2 pay back PPL 100.0 
stickmanjc: undo
stickmanjc: PPL pay back p3 200.0 
stickmanjc: undo
stickmanjc: p1,p2 owe PPL 100.0 
stickmanjc: undo
stickmanjc: PPL owe p1 100.0 
stickmanjc: PPL owe p1 100.0 
stickmanjc: p2 pay back PPL 100.0 
stickmanjc: p2 pay back PPL 100.0 
stickmanjc: p2 pay back PPL 100.0 
[2024-05-29 22:16] stickmanjc: PPL owe p4 100.0 
[2024-05-29 22:39] stickmanjc: PPL owe p4 100.0 
[2024-05-29 22:42] stickmanjc: p3 owe p1 100.0 
stickmanjc: p3 owe p2 200.0 
stickmanjc: PPL owe p1 100.0 
stickmanjc: p1 owe PPL 100.0 
stickmanjc: p1 owe p2 100.0 
stickmanjc: undo
stickmanjc: PPL,p1 owe p2 100.0 
stickmanjc: undo
stickmanjc: p1,p2 owe p3 100.0 
stickmanjc: undo
stickmanjc: ppl owe p1 100.0 (testing)
stickmanjc: ppl owe p1 100.0 (testing)
stickmanjc: ppl owe ppl 1.0 None
stickmanjc: ppl pay back p2 100.0 
stickmanjc: ppl owe p2 100.0 (testing)
stickmanjc: undo
stickmanjc: undo
stickmanjc: p1,p2 owe p3 50.0 (big test)
stickmanjc: undo
stickmanjc: ppl owe p1 100.0 (testing)
stickmanjc: undo [stickmanjc: ppl owe p1 100.0 (testing)]
stickmanjc: ppl owe p1 100.0 (testing)
stickmanjc: undo **[**stickmanjc: ppl owe p1 100.0 (testing)**]**
stickmanjc: p1 owe p2 100.0 (test)
